******************************************************************************
                  TI ARM Linker Unix v20.2.7                   
******************************************************************************
>> Linked Sat Feb 25 15:53:25 2023

OUTPUT FILE NAME:   <gpiointerrupt_CC3220S_LAUNCHXL_nortos_ccs.out>
ENTRY POINT SYMBOL: "resetISR"  address: 20011ed5


MEMORY CONFIGURATION

         name            origin    length      used     unused   attr    fill
----------------------  --------  ---------  --------  --------  ----  --------
  SRAM2                 20000000   00004000  0000130c  00002cf4  RW X
  SRAM                  20004000   0003c000  0000f51e  0002cae2  RW X
  LOG_DATA              90000000   00040000  00000000  00040000  R   


SEGMENT ALLOCATION MAP

run origin  load origin   length   init length attrs members
----------  ----------- ---------- ----------- ----- -------
20003000    20003000    00001000   00000000    rw-
  20003000    20003000    00001000   00000000    rw- .stack
20004000    20004000    00000040   00000040    r--
  20004000    20004000    00000040   00000040    r-- .resetVecs
20004040    20004040    00008000   00000000    rw-
  20004040    20004040    00008000   00000000    rw- .sysmem
2000c040    2000c040    000063ca   000063ca    r-x
  2000c040    2000c040    000063ca   000063ca    r-x .text
2001240c    2001240c    00000624   00000000    rw-
  2001240c    2001240c    00000624   00000000    rw- .data
20012a30    20012a30    00000518   00000000    rw-
  20012a30    20012a30    00000518   00000000    rw- .bss
20012f48    20012f48    000005d8   000005d8    r--
  20012f48    20012f48    000004e0   000004e0    r-- .const
  20013428    20013428    000000f8   000000f8    r-- .cinit


SECTION ALLOCATION MAP

 output                                  attributes/
section   page    origin      length       input sections
--------  ----  ----------  ----------   ----------------
.text      0    2000c040    000063ca     
                  2000c040    00000a4e     rtsv7M4_T_le_eabi.lib : _printfi.c.obj (.text:__TI_printfi)
                  2000ca8e    00000002     ti_drivers_config.obj (.text:Board_initHook)
                  2000ca90    0000042c     driverlib.a : prcm.obj (.text:PRCMCC3200MCUInit)
                  2000cebc    00000288     drivers_cc32xx.a : UARTCC32XX.oem4 (.text:UARTCC32XX_open)
                  2000d144    00000268     rtsv7M4_T_le_eabi.lib : _printfi.c.obj (.text:_pconv_a)
                  2000d3ac    000001cc                           : _printfi.c.obj (.text:_pconv_g)
                  2000d578    000001c8     gpiointerrupt.obj (.text:initI2C)
                  2000d740    000001b6     rtsv7M4_T_le_eabi.lib : fd_add_t2.asm.obj (.text)
                  2000d8f6    00000002     drivers_cc32xx.a : I2C.oem4 (.text:I2C_init)
                  2000d8f8    000001a0     nortos_cc32xx.a : PowerCC32XX_nortos.oem4 (.text:PowerCC32XX_sleepPolicy)
                  2000da98    00000154     drivers_cc32xx.a : GPIOCC32XX.oem4 (.text:GPIO_setConfig)
                  2000dbec    00000148                      : I2CCC32XX.oem4 (.text:I2CCC32XX_hwiFxn)
                  2000dd34    00000148                      : PowerCC32XX.oem4 (.text:parkPins)
                  2000de7c    0000013c     rtsv7M4_T_le_eabi.lib : _printfi.c.obj (.text:_pconv_e)
                  2000dfb8    00000138     drivers_cc32xx.a : PowerCC32XX.oem4 (.text:Power_sleep)
                  2000e0f0    00000138                      : TimerCC32XX.oem4 (.text:Timer_open)
                  2000e228    00000136     rtsv7M4_T_le_eabi.lib : fd_div_t2.asm.obj (.text)
                  2000e35e    00000002     nortos_cc32xx.a : PowerCC32XX_nortos.oem4 (.text:PowerCC32XX_initPolicy)
                  2000e360    00000124     gpiointerrupt.obj (.text:mainThread)
                  2000e484    00000122     drivers_cc32xx.a : I2C.oem4 (.text:I2C_transferTimeout)
                  2000e5a6    00000002     nortos_cc32xx.a : SemaphoreP_nortos.oem4 (.text:SemaphoreP_destruct)
                  2000e5a8    00000120     drivers_cc32xx.a : UARTCC32XX.oem4 (.text:UARTCC32XX_close)
                  2000e6c8    00000120     rtsv7M4_T_le_eabi.lib : _printfi.c.obj (.text:fcvt)
                  2000e7e8    00000100                           : memory.c.obj (.text:aligned_alloc)
                  2000e8e8    000000fc     drivers_cc32xx.a : I2CCC32XX.oem4 (.text:I2C_open)
                  2000e9e4    000000fc     rtsv7M4_T_le_eabi.lib : fd_mul_t2.asm.obj (.text)
                  2000eae0    000000f2     drivers_cc32xx.a : UARTCC32XX.oem4 (.text:UARTCC32XX_control)
                  2000ebd2    00000002                      : Timer.oem4 (.text:Timer_init)
                  2000ebd4    000000ec     gpiointerrupt.obj (.text:readTemp)
                  2000ecc0    000000e4     rtsv7M4_T_le_eabi.lib : memory.c.obj (.text:free)
                  2000eda4    000000d0                           : s_scalbn.c.obj (.text:scalbn)
                  2000ee74    000000ca     drivers_cc32xx.a : UARTCC32XX.oem4 (.text:UARTCC32XX_write)
                  2000ef3e    00000002                      : UARTCC32XX.oem4 (.text:UARTCC32XX_init)
                  2000ef40    000000c0                      : PowerCC32XX.oem4 (.text:restoreParkedPins)
                  2000f000    000000ba                      : UARTCC32XX.oem4 (.text:UARTCC32XX_readPolling)
                  2000f0ba    00000002     rtsv7M4_T_le_eabi.lib : _lock.c.obj (.text:_nop)
                  2000f0bc    000000b8     drivers_cc32xx.a : UARTCC32XX.oem4 (.text:initHw)
                  2000f174    000000b6                      : UARTCC32XX.oem4 (.text:readTaskCallback)
                  2000f22a    000000b2                      : I2CCC32XX.oem4 (.text:I2CCC32XX_completeTransfer)
                  2000f2dc    000000b1     rtsv7M4_T_le_eabi.lib : _printfi.c.obj (.text:_ltostr)
                  2000f38d    00000001     --HOLE-- [fill = 0]
                  2000f38e    000000b0     drivers_cc32xx.a : UARTCC32XX.oem4 (.text:readTaskBlocking)
                  2000f43e    000000ae                      : UARTCC32XX.oem4 (.text:readIsrTextBlocking)
                  2000f4ec    000000a8                      : I2CCC32XX.oem4 (.text:I2CCC32XX_primeWriteBurst)
                  2000f594    000000a8     driverlib.a : interrupt.obj (.text:IntEnable)
                  2000f63c    000000a8     drivers_cc32xx.a : PowerCC32XX.oem4 (.text:PowerCC32XX_configureWakeup)
                  2000f6e4    000000a2                      : UARTCC32XX.oem4 (.text:readIsrTextCallback)
                  2000f786    000000a2                      : UARTCC32XX.oem4 (.text:writeData)
                  2000f828    000000a0     nortos_cc32xx.a : SemaphoreP_nortos.oem4 (.text:SemaphoreP_pend)
                  2000f8c8    0000009c     drivers_cc32xx.a : I2CCC32XX.oem4 (.text:I2CCC32XX_initHw)
                  2000f964    0000009c     rtsv7M4_T_le_eabi.lib : memcpy_t2.asm.obj (.text)
                  2000fa00    00000096                           : ull_div_t2.asm.obj (.text)
                  2000fa96    00000002     nortos_cc32xx.a : startup_cc32xx_ccs.oem4 (.text:busFaultHandler)
                  2000fa98    00000090     drivers_cc32xx.a : GPIOCC32XX.oem4 (.text:GPIO_init)
                  2000fb28    00000090                      : PowerCC32XX.oem4 (.text:restoreNVICRegs)
                  2000fbb8    0000008c     nortos_cc32xx.a : HwiPCC32XX_nortos.oem4 (.text:HwiP_construct)
                  2000fc44    00000088     driverlib.a : interrupt.obj (.text:IntPendSet)
                  2000fccc    00000088                 : pin.obj (.text:PinConfigSet)
                  2000fd54    00000086     rtsv7M4_T_le_eabi.lib : fd_cmp_t2.asm.obj (.text:__aeabi_cdcmple)
                  2000fdda    00000086                           : fd_cmp_t2.asm.obj (.text:__aeabi_cdrcmple)
                  2000fe60    00000084     drivers_cc32xx.a : PowerCC32XX.oem4 (.text:Power_init)
                  2000fee4    00000084                      : PowerCC32XX.oem4 (.text:saveNVICRegs)
                  2000ff68    00000080                      : GPIOCC32XX.oem4 (.text:GPIO_write)
                  2000ffe8    00000080                      : PowerCC32XX.oem4 (.text:Power_setDependency)
                  20010068    0000007c                      : UARTCC32XX.oem4 (.text:readIsrBinaryBlocking)
                  200100e4    0000007a                      : I2CCC32XX.oem4 (.text:I2CCC32XX_primeReadBurst)
                  2001015e    0000007a     rtsv7M4_T_le_eabi.lib : fs_mul_t2.asm.obj (.text)
                  200101d8    0000007a                           : memset_t2.asm.obj (.text)
                  20010252    00000078     drivers_cc32xx.a : UARTCC32XX.oem4 (.text:readIsrBinaryCallback)
                  200102ca    00000074                      : UARTCC32XX.oem4 (.text:UARTCC32XX_hwiIntFxn)
                  2001033e    00000002     nortos_cc32xx.a : SemaphoreP_nortos.oem4 (.text:clkFxn)
                  20010340    00000074     drivers_cc32xx.a : GPIOCC32XX.oem4 (.text:powerNotifyFxn)
                  200103b4    00000070     rtsv7M4_T_le_eabi.lib : memory.c.obj (.text:split)
                  20010424    0000006e                           : _printfi.c.obj (.text:_mcpy)
                  20010492    0000006a     drivers_cc32xx.a : I2CCC32XX.oem4 (.text:I2CSupport_primeTransfer)
                  200104fc    00000068     rtsv7M4_T_le_eabi.lib : copy_decompress_lzss.c.obj (.text:decompress:lzss:__TI_decompress_lzss)
                  20010564    00000066     drivers_cc32xx.a : UARTCC32XX.oem4 (.text:UARTCC32XX_writeCancel)
                  200105ca    00000002     nortos_cc32xx.a : startup_cc32xx_ccs.oem4 (.text:defaultHandler)
                  200105cc    00000064     drivers_cc32xx.a : GPIOCC32XX.oem4 (.text:GPIO_setInterruptConfig)
                  20010630    00000064                      : PowerCC32XX.oem4 (.text:PowerCC32XX_setParkState)
                  20010694    00000062                      : UARTCC32XX.oem4 (.text:UARTCC32XX_writePolling)
                  200106f6    00000002     nortos_cc32xx.a : startup_cc32xx_ccs.oem4 (.text:faultISR)
                  200106f8    00000060     drivers_cc32xx.a : GPIOCC32XX.oem4 (.text:GPIO_hwiIntFxn)
                  20010758    00000060                      : GPIOCC32XX.oem4 (.text:GPIO_toggle)
                  200107b8    00000060     driverlib.a : prcm.obj (.text:PRCMSysResetCauseGet)
                  20010818    0000005c     rtsv7M4_T_le_eabi.lib : s_frexp.c.obj (.text:frexp)
                  20010874    0000005c     nortos_cc32xx.a : ClockPSysTick_nortos.oem4 (.text:sysTickInit)
                  200108d0    00000058     gpiointerrupt.obj (.text:Button_Click)
                  20010928    00000058     driverlib.a : prcm.obj (.text:PRCMPeripheralReset)
                  20010980    00000058     drivers_cc32xx.a : PowerCC32XX.oem4 (.text:Power_releaseDependency)
                  200109d8    00000056     rtsv7M4_T_le_eabi.lib : _printfi.c.obj (.text:_pconv_f)
                  20010a2e    00000054                           : _ltoa.c.obj (.text:__TI_ltoa)
                  20010a82    00000054     drivers_cc32xx.a : UARTCC32XX.oem4 (.text:ringBufGet)
                  20010ad6    00000052                      : PowerCC32XX_asm.oem4 (.text:PowerCC32XX_resumeLPDS)
                  20010b28    00000052     rtsv7M4_T_le_eabi.lib : _printfi.c.obj (.text:_ecpy)
                  20010b7a    00000052     drivers_cc32xx.a : TimerCC32XX.oem4 (.text:initHw)
                  20010bcc    00000050     nortos_cc32xx.a : ClockPSysTick_nortos.oem4 (.text:ClockP_sysTickHandler)
                  20010c1c    00000050     gpiointerrupt.obj (.text:LED_tempChange)
                  20010c6c    00000050     nortos_cc32xx.a : SemaphoreP_nortos.oem4 (.text:SemaphoreP_construct)
                  20010cbc    00000050     drivers_cc32xx.a : TimerCC32XX.oem4 (.text:TimerCC32XX_allocateTimerResource)
                  20010d0c    0000004c                      : I2CCC32XX.oem4 (.text:I2CCC32XX_readRecieveFifo)
                  20010d58    0000004c                      : PowerCC32XX.oem4 (.text:PowerCC32XX_parkPin)
                  20010da4    0000004c     rtsv7M4_T_le_eabi.lib : atoi.c.obj (.text:atoi)
                  20010df0    0000004c     drivers_cc32xx.a : PowerCC32XX.oem4 (.text:restorePeriphClocks)
                  20010e3c    0000004c     rtsv7M4_T_le_eabi.lib : snprintf.c.obj (.text:snprintf)
                  20010e88    00000048     driverlib.a : flash.obj (.text:FlashDisable)
                  20010ed0    00000048     drivers_cc32xx.a : GPIOCC32XX.oem4 (.text:GPIO_disableInt)
                  20010f18    00000048                      : GPIOCC32XX.oem4 (.text:GPIO_enableInt)
                  20010f60    00000048     driverlib.a : prcm.obj (.text:PRCMLPDSEnter)
                  20010fa8    00000048                 : prcm.obj (.text:PRCMPeripheralClkEnable)
                  20010ff0    00000048     drivers_cc32xx.a : PowerCC32XX.oem4 (.text:Power_releaseConstraint)
                  20011038    00000048     gpiointerrupt.obj (.text:initTimer)
                  20011080    00000048     rtsv7M4_T_le_eabi.lib : fd_toi_t2.asm.obj (.text)
                  200110c8    00000046     drivers_cc32xx.a : RingBuf.oem4 (.text:RingBuf_put)
                  2001110e    00000046                      : TimerCC32XX.oem4 (.text:getPrescaler)
                  20011154    00000044     nortos_cc32xx.a : ClockPSysTick_nortos.oem4 (.text:ClockP_stop)
                  20011198    00000044     driverlib.a : prcm.obj (.text:PRCMLPDSRestoreInfoSet)
                  200111dc    00000044     drivers_cc32xx.a : PowerCC32XX_asm.oem4 (.text:PowerCC32XX_enterLPDS)
                  20011220    00000044     nortos_cc32xx.a : SemaphoreP_nortos.oem4 (.text:SemaphoreP_post)
                  20011264    00000044                     : SwiP_nortos.oem4 (.text:SwiP_restore)
                  200112a8    00000044     drivers_cc32xx.a : Timer.oem4 (.text:Timer_start)
                  200112ec    00000044                      : UART.oem4 (.text:UART_init)
                  20011330    00000044     rtsv7M4_T_le_eabi.lib : autoinit.c.obj (.text:__TI_auto_init_nobinit_nopinit:__TI_auto_init_nobinit_nopinit)
                  20011374    00000040     nortos_cc32xx.a : ClockPSysTick_nortos.oem4 (.text:ClockP_construct)
                  200113b4    00000040     driverlib.a : pin.obj (.text:PinModeSet)
                  200113f4    00000040     drivers_cc32xx.a : RingBuf.oem4 (.text:RingBuf_get)
                  20011434    00000040                      : TimerCC32XX.oem4 (.text:TimerSupport_timerEnable)
                  20011474    00000040                      : TimerCC32XX.oem4 (.text:Timer_close)
                  200114b4    00000040                      : UARTCC32XX.oem4 (.text:UARTCC32XX_read)
                  200114f4    00000040                      : UART.oem4 (.text:UART_open)
                  20011534    0000003e     rtsv7M4_T_le_eabi.lib : _printfi.c.obj (.text:_fcpy)
                  20011572    00000002     nortos_cc32xx.a : startup_cc32xx_ccs.oem4 (.text:nmiISR)
                  20011574    0000003c                     : ClockPSysTick_nortos.oem4 (.text:ClockP_destruct)
                  200115b0    0000003c     drivers_cc32xx.a : PowerCC32XX.oem4 (.text:Power_setConstraint)
                  200115ec    0000003c     gpiointerrupt.obj (.text:initUART)
                  20011628    0000003a     nortos_cc32xx.a : PowerCC32XX_nortos.oem4 (.text:getCountsRTC)
                  20011662    00000002     rtsv7M4_T_le_eabi.lib : div0.asm.obj (.text)
                  20011664    00000038     driverlib.a : prcm.obj (.text:PRCMLPDSEnterKeepDebugIf)
                  2001169c    00000038     nortos_cc32xx.a : ClockPSysTick_nortos.oem4 (.text:addToList)
                  200116d4    00000038                     : startup_cc32xx_ccs.oem4 (.text:initVectors)
                  2001170c    00000038     drivers_cc32xx.a : PowerCC32XX.oem4 (.text:notify)
                  20011744    00000038     rtsv7M4_T_le_eabi.lib : fs_toi_t2.asm.obj (.text)
                  2001177c    00000038                           : i_tofs_t2.asm.obj (.text)
                  200117b4    00000036     driverlib.a : timer.obj (.text:TimerControlStall)
                  200117ea    00000036     drivers_cc32xx.a : Timer.oem4 (.text:Timer_stop)
                  20011820    00000036                      : UARTCC32XX.oem4 (.text:UARTCC32XX_readCancel)
                  20011856    00000002     --HOLE-- [fill = 0]
                  20011858    00000034     nortos_cc32xx.a : ClockPSysTick_nortos.oem4 (.text:ClockP_getTicksUntilInterrupt)
                  2001188c    00000034                     : ClockPSysTick_nortos.oem4 (.text:ClockP_startup)
                  200118c0    00000034     driverlib.a : pin.obj (.text:PinModeGet)
                  200118f4    00000034     drivers_cc32xx.a : PowerCC32XX.oem4 (.text:PowerCC32XX_restoreParkState)
                  20011928    00000034                      : TimerCC32XX.oem4 (.text:TimerCC32XX_freeTimerResource)
                  2001195c    00000034                      : TimerCC32XX.oem4 (.text:TimerCC32XX_hwiIntFunction)
                  20011990    00000034                      : TimerCC32XX.oem4 (.text:getPowerMgrId)
                  200119c4    00000030     nortos_cc32xx.a : ClockPSysTick_nortos.oem4 (.text:ClockP_start)
                  200119f4    00000030     drivers_cc32xx.a : PowerCC32XX.oem4 (.text:PowerCC32XX_restoreParkedPin)
                  20011a24    00000030     rtsv7M4_T_le_eabi.lib : snprintf.c.obj (.text:_outs)
                  20011a54    0000002e                           : i_tofd_t2.asm.obj (.text)
                  20011a82    00000002     --HOLE-- [fill = 0]
                  20011a84    0000002c     drivers_cc32xx.a : PowerCC32XX.oem4 (.text:PowerCC32XX_getParkState)
                  20011ab0    0000002a     nortos_cc32xx.a : HwiPCC32XX_nortos.oem4 (.text:HwiP_create)
                  20011ada    0000002a     driverlib.a : timer.obj (.text:TimerLoadSet)
                  20011b04    0000002a                 : timer.obj (.text:TimerPrescaleSet)
                  20011b2e    00000028                 : i2c.obj (.text:I2CFIFODataPutNonBlocking)
                  20011b56    00000002     --HOLE-- [fill = 0]
                  20011b58    00000028                 : prcm.obj (.text:PRCMPeripheralClkDisable)
                  20011b80    00000028     drivers_cc32xx.a : PowerCC32XX.oem4 (.text:Power_registerNotify)
                  20011ba8    00000028     rtsv7M4_T_le_eabi.lib : memory.c.obj (.text:free_list_insert)
                  20011bd0    00000026     driverlib.a : i2c.obj (.text:I2CFIFODataGetNonBlocking)
                  20011bf6    00000026     drivers_cc32xx.a : I2C.oem4 (.text:I2C_cancel)
                  20011c1c    00000026                      : List.oem4 (.text:List_put)
                  20011c42    00000026                      : List.oem4 (.text:List_remove)
                  20011c68    00000024     nortos_cc32xx.a : HwiPCC32XX_nortos.oem4 (.text:HwiP_dispatch)
                  20011c8c    00000024     drivers_cc32xx.a : PowerCC32XX.oem4 (.text:PowerCC32XX_reset)
                  20011cb0    00000024                      : TimerCC32XX.oem4 (.text:TimerSupport_timerDisable)
                  20011cd4    00000024     rtsv7M4_T_le_eabi.lib : boot_cortex_m.c.obj (.text:_c_int00_noargs:_c_int00_noargs)
                  20011cf8    00000022     driverlib.a : i2c.obj (.text:I2CMasterSlaveAddrSet)
                  20011d1a    00000020     nortos_cc32xx.a : HwiPCC32XX_nortos.oem4 (.text:HwiP_destruct)
                  20011d3a    00000002     --HOLE-- [fill = 0]
                  20011d3c    00000020     drivers_cc32xx.a : PowerCC32XX.oem4 (.text:Power_unregisterNotify)
                  20011d5c    00000020                      : RingBuf.oem4 (.text:RingBuf_peek)
                  20011d7c    00000020                      : UARTCC32XX.oem4 (.text:getPowerMgrId)
                  20011d9c    0000001e     driverlib.a : i2c.obj (.text:I2CMasterIntStatusEx)
                  20011dba    0000001e     nortos_cc32xx.a : SemaphoreP_nortos.oem4 (.text:SemaphoreP_constructBinary)
                  20011dd8    0000001e     driverlib.a : timer.obj (.text:TimerDisable)
                  20011df6    0000001e                 : timer.obj (.text:TimerEnable)
                  20011e14    0000001c     drivers_cc32xx.a : GPIO.oem4 (.text:GPIO_setCallback)
                  20011e30    0000001c     driverlib.a : pin.obj (.text:PinToPadGet)
                  20011e4c    0000001c     nortos_cc32xx.a : SwiP_nortos.oem4 (.text:SwiP_disable)
                  20011e68    0000001c     rtsv7M4_T_le_eabi.lib : memory.c.obj (.text:free_list_remove)
                  20011e84    0000001c                           : memccpy.c.obj (.text:memccpy)
                  20011ea0    0000001a     nortos_cc32xx.a : ClockPSysTick_nortos.oem4 (.text:ClockP_create)
                  20011eba    0000001a                     : SemaphoreP_nortos.oem4 (.text:SemaphoreP_createBinary)
                  20011ed4    0000001a                     : startup_cc32xx_ccs.oem4 (.text:resetISR)
                  20011eee    00000018     driverlib.a : i2c.obj (.text:I2CMasterBusBusy)
                  20011f06    00000018                 : i2c.obj (.text:I2CMasterIntDisableEx)
                  20011f1e    00000018                 : i2c.obj (.text:I2CMasterIntEnableEx)
                  20011f36    00000018                 : i2c.obj (.text:I2CRxFIFOFlush)
                  20011f4e    00000018                 : i2c.obj (.text:I2CTxFIFOFlush)
                  20011f66    00000002     --HOLE-- [fill = 0]
                  20011f68    00000018     drivers_cc32xx.a : PowerCC32XX.oem4 (.text:Power_getTransitionLatency)
                  20011f80    00000018                      : PowerCC32XX.oem4 (.text:Power_idleFunc)
                  20011f98    00000018     driverlib.a : timer.obj (.text:TimerIntDisable)
                  20011fb0    00000018                 : timer.obj (.text:TimerIntEnable)
                  20011fc8    00000018                 : uart.obj (.text:UARTBusy)
                  20011fe0    00000018                 : uart.obj (.text:UARTIntEnable)
                  20011ff8    00000018     drivers_cc32xx.a : UART.oem4 (.text:UART_Params_init)
                  20012010    00000018     rtsv7M4_T_le_eabi.lib : snprintf.c.obj (.text:_outc)
                  20012028    00000018     gpiointerrupt.obj (.text:gpioButtonFxn0)
                  20012040    00000018     rtsv7M4_T_le_eabi.lib : ll_mul_t2.asm.obj (.text)
                  20012058    00000016     driverlib.a : i2c.obj (.text:I2CMasterBurstLengthSet)
                  2001206e    00000016                 : prcm.obj (.text:PRCMHIBRegRead)
                  20012084    00000016                 : prcm.obj (.text:PRCMHIBRegWrite)
                  2001209a    00000016     nortos_cc32xx.a : SemaphoreP_nortos.oem4 (.text:SemaphoreP_create)
                  200120b0    00000016     rtsv7M4_T_le_eabi.lib : strchr.c.obj (.text:strchr)
                  200120c6    00000014     ti_drivers_config.obj (.text:Board_init)
                  200120da    00000014     driverlib.a : cpu.obj (.text:CPUcpsid)
                  200120ee    00000002     --HOLE-- [fill = 0]
                  200120f0    00000014     nortos_cc32xx.a : HwiPCC32XX_nortos.oem4 (.text:HwiP_inISR)
                  20012104    00000014     drivers_cc32xx.a : I2CCC32XX.oem4 (.text:I2CSupport_masterFinish)
                  20012118    00000014                      : I2C.oem4 (.text:I2C_transfer)
                  2001212c    00000014     driverlib.a : interrupt.obj (.text:IntVTableBaseSet)
                  20012140    00000014     drivers_cc32xx.a : PowerCC32XX.oem4 (.text:Power_disablePolicy)
                  20012154    00000014                      : PowerCC32XX.oem4 (.text:Power_getDependencyCount)
                  20012168    00000014                      : UARTCC32XX.oem4 (.text:releasePowerConstraint)
                  2001217c    00000014     rtsv7M4_T_le_eabi.lib : strlen.c.obj (.text:strlen)
                  20012190    00000012     nortos_cc32xx.a : HwiPCC32XX_nortos.oem4 (.text:HwiP_Params_init)
                  200121a2    00000012     driverlib.a : i2c.obj (.text:I2CMasterIntClearEx)
                  200121b4    00000012     drivers_cc32xx.a : RingBuf.oem4 (.text:RingBuf_construct)
                  200121c6    00000012     driverlib.a : timer.obj (.text:TimerIntClear)
                  200121d8    00000012     main_nortos.obj (.text:main)
                  200121ea    00000012     rtsv7M4_T_le_eabi.lib : wcslen.c.obj (.text:wcslen)
                  200121fc    00000010     nortos_cc32xx.a : ClockPSysTick_nortos.oem4 (.text:ClockP_add)
                  2001220c    00000010                     : ClockPSysTick_nortos.oem4 (.text:ClockP_delete)
                  2001221c    00000010                     : ClockPSysTick_nortos.oem4 (.text:ClockP_getCpuFreq)
                  2001222c    00000010                     : ClockPSysTick_nortos.oem4 (.text:ClockP_getSystemTicks)
                  2001223c    00000010                     : ClockPSysTick_nortos.oem4 (.text:ClockP_setTicks)
                  2001224c    00000010                     : HwiPCC32XX_nortos.oem4 (.text:HwiP_delete)
                  2001225c    00000010                     : HwiPCC32XX_nortos.oem4 (.text:HwiP_restore)
                  2001226c    00000010     driverlib.a : i2c.obj (.text:I2CFIFOStatus)
                  2001227c    00000010     drivers_cc32xx.a : I2C.oem4 (.text:I2C_Params_init)
                  2001228c    00000010                      : PowerCC32XX.oem4 (.text:Power_enablePolicy)
                  2001229c    00000010     nortos_cc32xx.a : SemaphoreP_nortos.oem4 (.text:SemaphoreP_Params_init)
                  200122ac    00000010     drivers_cc32xx.a : Timer.oem4 (.text:Timer_Params_init)
                  200122bc    00000010                      : UARTCC32XX.oem4 (.text:readBlockingTimeout)
                  200122cc    0000000e     nortos_cc32xx.a : HwiPCC32XX_nortos.oem4 (.text:HwiP_clearInterrupt)
                  200122da    0000000e                     : HwiPCC32XX_nortos.oem4 (.text:HwiP_disable)
                  200122e8    0000000e                     : HwiPCC32XX_nortos.oem4 (.text:HwiP_disableInterrupt)
                  200122f6    0000000e                     : HwiPCC32XX_nortos.oem4 (.text:HwiP_enable)
                  20012304    0000000e                     : HwiPCC32XX_nortos.oem4 (.text:HwiP_enableInterrupt)
                  20012312    0000000e     drivers_cc32xx.a : I2CCC32XX.oem4 (.text:I2CCC32XX_updateReg)
                  20012320    0000000e                      : RingBuf.oem4 (.text:RingBuf_isFull)
                  2001232e    0000000e     rtsv7M4_T_le_eabi.lib : copy_decompress_none.c.obj (.text:decompress:none:__TI_decompress_none)
                  2001233c    0000000c     drivers_cc32xx.a : I2CCC32XX.oem4 (.text:I2CCC32XX_postNotify)
                  20012348    0000000c                      : PowerCC32XX.oem4 (.text:Power_getConstraintMask)
                  20012354    0000000c     rtsv7M4_T_le_eabi.lib : s_copysign.c.obj (.text:copysign)
                  20012360    0000000c                           : copy_zero_init.c.obj (.text:decompress:ZI:__TI_zero_init)
                  2001236c    0000000c     drivers_cc32xx.a : TimerCC32XX.oem4 (.text:postNotifyFxn)
                  20012378    0000000c                      : UARTCC32XX.oem4 (.text:postNotifyFxn)
                  20012384    0000000c     gpiointerrupt.obj (.text:timerCallback)
                  20012390    0000000a     nortos_cc32xx.a : ClockPSysTick_nortos.oem4 (.text:ClockP_Params_init)
                  2001239a    0000000a                     : ClockPSysTick_nortos.oem4 (.text:ClockP_isActive)
                  200123a4    0000000a     driverlib.a : interrupt.obj (.text:IntMasterDisable)
                  200123ae    0000000a     drivers_cc32xx.a : UART.oem4 (.text:UART_write)
                  200123b8    00000008                      : I2CCC32XX.oem4 (.text:I2CCC32XX_blockingCallback)
                  200123c0    00000008     rtsv7M4_T_le_eabi.lib : errno.c.obj (.text:__aeabi_errno_addr)
                  200123c8    00000008                           : memory.c.obj (.text:malloc)
                  200123d0    00000008     drivers_cc32xx.a : UARTCC32XX.oem4 (.text:readSemCallback)
                  200123d8    00000008                      : UARTCC32XX.oem4 (.text:writeSemCallback)
                  200123e0    00000006                      : I2CCC32XX.oem4 (.text:I2CSupport_powerRelConstraint)
                  200123e6    00000006                      : I2CCC32XX.oem4 (.text:I2CSupport_powerSetConstraint)
                  200123ec    00000006     driverlib.a : utils.obj (.text:UtilsDelay)
                  200123f2    00000004     nortos_cc32xx.a : ClockPSysTick_nortos.oem4 (.text:ClockP_doTick)
                  200123f6    00000004                     : ClockPSysTick_nortos.oem4 (.text:ClockP_setTimeout)
                  200123fa    00000004                     : HwiPCC32XX_nortos.oem4 (.text:HwiP_post)
                  200123fe    00000004                     : SemaphoreP_nortos.oem4 (.text:SemaphoreP_delete)
                  20012402    00000004     rtsv7M4_T_le_eabi.lib : pre_init.c.obj (.text:_system_pre_init)
                  20012406    00000004                           : exit.c.obj (.text:abort:abort)

.const     0    20012f48    000004e0     
                  20012f48    00000101     rtsv7M4_T_le_eabi.lib : ctype.c.obj (.const:.string:_ctypes_)
                  20013049    00000003     --HOLE-- [fill = 0]
                  2001304c    00000100     driverlib.a : pin.obj (.const:g_ulPinToPadMap)
                  2001314c    000000a8                 : prcm.obj (.const:PRCM_PeriphRegsList)
                  200131f4    00000044     ti_drivers_config.obj (.const:PowerCC32XX_config)
                  20013238    00000028     drivers_cc32xx.a : UARTCC32XX.oem4 (.const:UARTCC32XX_fxnTable)
                  20013260    00000028                      : GPIOCC32XX.oem4 (.const:portConfigs)
                  20013288    00000024                      : UART.oem4 (.const:UART_defaultParams)
                  200132ac    00000024     ti_drivers_config.obj (.const:uartCC32XXHWAttrs0)
                  200132d0    00000021     drivers_cc32xx.a : GPIOCC32XX.oem4 (.const:.string:pinTable)
                  200132f1    00000003     --HOLE-- [fill = 0]
                  200132f4    00000020                      : UARTCC32XX.oem4 (.const:staticFxnTable)
                  20013314    00000018     driverlib.a : interrupt.obj (.const:g_pulEnRegs)
                  2001332c    00000018                 : interrupt.obj (.const:g_pulPendRegs)
                  20013344    00000018     gpiointerrupt.obj (.const:sensors)
                  2001335c    00000014     ti_drivers_config.obj (.const:i2cCC32XXHWAttrs)
                  20013370    00000014     drivers_cc32xx.a : UARTCC32XX.oem4 (.const:parityType)
                  20013384    00000010     ti_drivers_config.obj (.const:GPIO_config)
                  20013394    00000010     drivers_cc32xx.a : I2C.oem4 (.const:I2C_defaultParams)
                  200133a4    00000010                      : I2CCC32XX.oem4 (.const:I2C_defaultParams)
                  200133b4    00000010                      : UARTCC32XX.oem4 (.const:dataLength)
                  200133c4    00000010     ti_drivers_config.obj (.const:timerCC32XXHWAttrs)
                  200133d4    0000000c     gpiointerrupt.obj (.const:.string)
                  200133e0    0000000c     ti_drivers_config.obj (.const:UART_config)
                  200133ec    0000000c     drivers_cc32xx.a : Timer.oem4 (.const:defaultParams)
                  200133f8    0000000c                      : TimerCC32XX.oem4 (.const:defaultParams)
                  20013404    0000000b     ti_drivers_config.obj (.const)
                  2001340f    00000001     --HOLE-- [fill = 0]
                  20013410    00000008     ti_drivers_config.obj (.const:I2C_config)
                  20013418    00000008     ti_drivers_config.obj (.const:Timer_config)
                  20013420    00000008     drivers_cc32xx.a : UARTCC32XX.oem4 (.const:stopBits)

.cinit     0    20013428    000000f8     
                  20013428    000000cd     (.cinit..data.load) [load image, compression = lzss]
                  200134f5    00000003     --HOLE-- [fill = 0]
                  200134f8    0000000c     (__TI_handler_table)
                  20013504    00000004     --HOLE-- [fill = 0]
                  20013508    00000008     (.cinit..bss.load) [load image, compression = zero_init]
                  20013510    00000010     (__TI_cinit_table)

.init_array 
*          0    20004000    00000000     UNINITIALIZED

.ramVecs   0    20000000    0000030c     NOLOAD SECTION
                  20000000    0000030c     nortos_cc32xx.a : startup_cc32xx_ccs.oem4 (.ramVecs)

.stack     0    20003000    00001000     UNINITIALIZED
                  20003000    00000004     rtsv7M4_T_le_eabi.lib : boot_cortex_m.c.obj (.stack)
                  20003004    00000ffc     --HOLE--

.resetVecs 
*          0    20004000    00000040     
                  20004000    00000040     nortos_cc32xx.a : startup_cc32xx_ccs.oem4 (.resetVecs:retain)

.sysmem    0    20004040    00008000     UNINITIALIZED
                  20004040    00000010     rtsv7M4_T_le_eabi.lib : memory.c.obj (.sysmem)
                  20004050    00007ff0     --HOLE--

.data      0    2001240c    00000624     UNINITIALIZED
                  2001240c    0000030c     nortos_cc32xx.a : HwiPCC32XX_nortos.oem4 (.data:HwiP_dispatchTable)
                  20012718    0000016c     drivers_cc32xx.a : PowerCC32XX.oem4 (.data:PowerCC32XX_module)
                  20012884    000000f8     ti_drivers_config.obj (.data:parkInfo)
                  2001297c    00000084     ti_drivers_config.obj (.data:gpioPinConfigs)
                  20012a00    00000008     rtsv7M4_T_le_eabi.lib : _lock.c.obj (.data:$O1$$)
                  20012a08    00000008                           : memory.c.obj (.data:$O1$$)
                  20012a10    00000008     nortos_cc32xx.a : SemaphoreP_nortos.oem4 (.data:SemaphoreP_defaultParams)
                  20012a18    00000008                     : HwiPCC32XX_nortos.oem4 (.data)
                  20012a20    00000005                     : ClockPSysTick_nortos.oem4 (.data)
                  20012a25    00000003                     : SemaphoreP_nortos.oem4 (.data)
                  20012a28    00000004     rtsv7M4_T_le_eabi.lib : errno.c.obj (.data)
                  20012a2c    00000002     drivers_cc32xx.a : GPIOCC32XX.oem4 (.data)
                  20012a2e    00000001                      : UART.oem4 (.data)
                  20012a2f    00000001     gpiointerrupt.obj (.data)

.bss       0    20012a30    00000518     UNINITIALIZED
                  20012a30    0000012c     (.common:PowerCC32XX_contextSave)
                  20012b5c    000000fc     (.common:i2cCC32XXObjects)
                  20012c58    00000084     (.common:gpioCallbackFunctions)
                  20012cdc    00000084     (.common:gpioUserArgs)
                  20012d60    00000084     (.common:timerCC32XXObjects)
                  20012de4    00000084     (.common:uartCC32XXObjects0)
                  20012e68    00000080     gpiointerrupt.obj (.bss:$O1$$)
                  20012ee8    00000020     ti_drivers_config.obj (.bss:uartCC32XXRingBuffer0)
                  20012f08    00000014     drivers_cc32xx.a : GPIOCC32XX.oem4 (.bss:powerNotifyObj)
                  20012f1c    00000004                      : GPIOCC32XX.oem4 (.bss)
                  20012f20    00000010     (.common:ClockP_ctrl)
                  20012f30    0000000d     nortos_cc32xx.a : SwiP_nortos.oem4 (.bss)
                  20012f3d    00000003     --HOLE--
                  20012f40    00000004                     : ClockPSysTick_nortos.oem4 (.bss)
                  20012f44    00000004     drivers_cc32xx.a : TimerCC32XX.oem4 (.bss:timerState)

.log_data 
*          0    90000000    00000000     COPY SECTION

__llvm_prf_cnts 
*          0    20004000    00000000     UNINITIALIZED

MODULE SUMMARY

       Module                       code    ro data   rw data
       ------                       ----    -------   -------
    ./
       gpiointerrupt.obj            1320    36        129    
       main_nortos.obj              18      0         0      
    +--+----------------------------+-------+---------+---------+
       Total:                       1338    36        129    
                                                             
    ./syscfg/
       ti_drivers_config.obj        22      195       1192   
    +--+----------------------------+-------+---------+---------+
       Total:                       22      195       1192   
                                                             
    /Applications/ti/ccs1210/ccs/tools/compiler/ti-cgt-arm_20.2.7.LTS/lib/rtsv7M4_T_le_eabi.lib
       _printfi.c.obj               4835    0         0      
       memory.c.obj                 672     0         8      
       fd_add_t2.asm.obj            438     0         0      
       fd_div_t2.asm.obj            310     0         0      
       fd_cmp_t2.asm.obj            268     0         0      
       ctype.c.obj                  0       257       0      
       fd_mul_t2.asm.obj            252     0         0      
       s_scalbn.c.obj               208     0         0      
       memcpy_t2.asm.obj            156     0         0      
       ull_div_t2.asm.obj           150     0         0      
       snprintf.c.obj               148     0         0      
       fs_mul_t2.asm.obj            122     0         0      
       memset_t2.asm.obj            122     0         0      
       copy_decompress_lzss.c.obj   104     0         0      
       s_frexp.c.obj                92      0         0      
       _ltoa.c.obj                  84      0         0      
       atoi.c.obj                   76      0         0      
       fd_toi_t2.asm.obj            72      0         0      
       autoinit.c.obj               68      0         0      
       fs_toi_t2.asm.obj            56      0         0      
       i_tofs_t2.asm.obj            56      0         0      
       i_tofd_t2.asm.obj            46      0         0      
       boot_cortex_m.c.obj          36      0         0      
       memccpy.c.obj                28      0         0      
       ll_mul_t2.asm.obj            24      0         0      
       strchr.c.obj                 22      0         0      
       strlen.c.obj                 20      0         0      
       wcslen.c.obj                 18      0         0      
       copy_decompress_none.c.obj   14      0         0      
       copy_zero_init.c.obj         12      0         0      
       errno.c.obj                  8       0         4      
       s_copysign.c.obj             12      0         0      
       _lock.c.obj                  2       0         8      
       exit.c.obj                   4       0         0      
       pre_init.c.obj               4       0         0      
       div0.asm.obj                 2       0         0      
    +--+----------------------------+-------+---------+---------+
       Total:                       8541    257       20     
                                                             
    /Applications/ti/simplelink_cc32xx_sdk_6_10_00_05/kernel/nortos/lib/ccs/m4/nortos_cc32xx.a
       HwiPCC32XX_nortos.oem4       394     0         788    
       startup_cc32xx_ccs.oem4      90      64        780    
       ClockPSysTick_nortos.oem4    706     0         25     
       PowerCC32XX_nortos.oem4      476     0         0      
       SemaphoreP_nortos.oem4       410     0         11     
       SwiP_nortos.oem4             96      0         13     
    +--+----------------------------+-------+---------+---------+
       Total:                       2172    64        1617   
                                                             
    /Applications/ti/simplelink_cc32xx_sdk_6_10_00_05/source/ti/devices/cc32xx/driverlib/ccs/Release/driverlib.a
       prcm.obj                     1604    168       0      
       pin.obj                      280     256       0      
       interrupt.obj                334     48        0      
       i2c.obj                      318     0         0      
       timer.obj                    264     0         0      
       flash.obj                    72      0         0      
       uart.obj                     48      0         0      
       cpu.obj                      20      0         0      
       utils.obj                    6       0         0      
    +--+----------------------------+-------+---------+---------+
       Total:                       2946    472       0      
                                                             
    /Applications/ti/simplelink_cc32xx_sdk_6_10_00_05/source/ti/drivers/lib/ccs/m4/drivers_cc32xx.a
       UARTCC32XX.oem4              3466    116       0      
       PowerCC32XX.oem4             2432    0         664    
       I2CCC32XX.oem4               1452    16        0      
       GPIOCC32XX.oem4              1164    73        26     
       TimerCC32XX.oem4             876     12        4      
       I2C.oem4                     366     16        0      
       UART.oem4                    166     36        1      
       RingBuf.oem4                 198     0         0      
       Timer.oem4                   140     12        0      
       PowerCC32XX_asm.oem4         150     0         0      
       List.oem4                    76      0         0      
       GPIO.oem4                    28      0         0      
    +--+----------------------------+-------+---------+---------+
       Total:                       10514   281       695    
                                                             
       Heap:                        0       0         32768  
       Stack:                       0       0         4096   
       Linker Generated:            0       241       0      
    +--+----------------------------+-------+---------+---------+
       Grand Total:                 25533   1546      40517  


LINKER GENERATED COPY TABLES

__TI_cinit_table @ 20013510 records: 2, size/record: 8, table size: 16
	.data: load addr=20013428, load size=000000cd bytes, run addr=2001240c, run size=00000624 bytes, compression=lzss
	.bss: load addr=20013508, load size=00000008 bytes, run addr=20012a30, run size=00000518 bytes, compression=zero_init


LINKER GENERATED HANDLER TABLE

__TI_handler_table @ 200134f8 records: 3, size/record: 4, table size: 12
	index: 0, handler: __TI_decompress_lzss
	index: 1, handler: __TI_decompress_none
	index: 2, handler: __TI_zero_init


GLOBAL SYMBOLS: SORTED ALPHABETICALLY BY Name 

address   name                             
-------   ----                             
200120c7  Board_init                       
2000ca8f  Board_initHook                   
20012e69  Button0_Click                    
20012e6a  Button1_Click                    
200108d1  Button_Click                     
20012407  C$$EXIT                          
20013406  CONFIG_GPIO_BUTTON_0_CONST       
20013407  CONFIG_GPIO_BUTTON_1_CONST       
20013408  CONFIG_GPIO_LED_0_CONST          
20013409  CONFIG_I2C_0_CONST               
2001340b  CONFIG_TIMER_0_CONST             
2001340d  CONFIG_UART_0_CONST              
200120db  CPUcpsid                         
20012391  ClockP_Params_init               
200121fd  ClockP_add                       
20011375  ClockP_construct                 
20011ea1  ClockP_create                    
20012f20  ClockP_ctrl                      
2001220d  ClockP_delete                    
20011575  ClockP_destruct                  
200123f3  ClockP_doTick                    
2001221d  ClockP_getCpuFreq                
2001222d  ClockP_getSystemTicks            
20011859  ClockP_getTicksUntilInterrupt    
2001239b  ClockP_isActive                  
2001223d  ClockP_setTicks                  
200123f7  ClockP_setTimeout                
200119c5  ClockP_start                     
2001188d  ClockP_startup                   
20011155  ClockP_stop                      
20010bcd  ClockP_sysTickHandler            
20012a20  ClockP_tickPeriod                
20010e89  FlashDisable                     
20013384  GPIO_config                      
20010ed1  GPIO_disableInt                  
20010f19  GPIO_enableInt                   
200106f9  GPIO_hwiIntFxn                   
2000fa99  GPIO_init                        
20013404  GPIO_pinLowerBound               
20013405  GPIO_pinUpperBound               
20011e15  GPIO_setCallback                 
2000da99  GPIO_setConfig                   
200105cd  GPIO_setInterruptConfig          
20010759  GPIO_toggle                      
2000ff69  GPIO_write                       
20012191  HwiP_Params_init                 
200122cd  HwiP_clearInterrupt              
2000fbb9  HwiP_construct                   
20011ab1  HwiP_create                      
2001224d  HwiP_delete                      
20011d1b  HwiP_destruct                    
200122db  HwiP_disable                     
200122e9  HwiP_disableInterrupt            
20011c69  HwiP_dispatch                    
200122f7  HwiP_enable                      
20012305  HwiP_enableInterrupt             
200120f1  HwiP_inISR                       
20012a18  HwiP_key                         
200123fb  HwiP_post                        
2001225d  HwiP_restore                     
20012a1c  HwiP_swiPIntNum                  
20011bd1  I2CFIFODataGetNonBlocking        
20011b2f  I2CFIFODataPutNonBlocking        
2001226d  I2CFIFOStatus                    
20012059  I2CMasterBurstLengthSet          
20011eef  I2CMasterBusBusy                 
200121a3  I2CMasterIntClearEx              
20011f07  I2CMasterIntDisableEx            
20011f1f  I2CMasterIntEnableEx             
20011d9d  I2CMasterIntStatusEx             
20011cf9  I2CMasterSlaveAddrSet            
20011f37  I2CRxFIFOFlush                   
20012105  I2CSupport_masterFinish          
200123e1  I2CSupport_powerRelConstraint    
200123e7  I2CSupport_powerSetConstraint    
20010493  I2CSupport_primeTransfer         
20011f4f  I2CTxFIFOFlush                   
2001227d  I2C_Params_init                  
20011bf7  I2C_cancel                       
20013410  I2C_config                       
2001340a  I2C_count                        
20013394  I2C_defaultParams                
2000d8f7  I2C_init                         
2000e8e9  I2C_open                         
20012119  I2C_transfer                     
2000e485  I2C_transferTimeout              
UNDEFED   ITM_flush                        
UNDEFED   ITM_restore                      
2000f595  IntEnable                        
200123a5  IntMasterDisable                 
2000fc45  IntPendSet                       
2001212d  IntVTableBaseSet                 
20010c1d  LED_tempChange                   
20012e6c  LE_STATE                         
20011c1d  List_put                         
20011c43  List_remove                      
200122f7  NoRTOS_start                     
2000ca91  PRCMCC3200MCUInit                
2001206f  PRCMHIBRegRead                   
20012085  PRCMHIBRegWrite                  
20010f61  PRCMLPDSEnter                    
20011665  PRCMLPDSEnterKeepDebugIf         
20011199  PRCMLPDSRestoreInfoSet           
20011b59  PRCMPeripheralClkDisable         
20010fa9  PRCMPeripheralClkEnable          
20010929  PRCMPeripheralReset              
200107b9  PRCMSysResetCauseGet             
2000fccd  PinConfigSet                     
200118c1  PinModeGet                       
200113b5  PinModeSet                       
20011e31  PinToPadGet                      
200131f4  PowerCC32XX_config               
2000f63d  PowerCC32XX_configureWakeup      
20012a30  PowerCC32XX_contextSave          
200111dd  PowerCC32XX_enterLPDS            
20011a85  PowerCC32XX_getParkState         
2000e35f  PowerCC32XX_initPolicy           
20012718  PowerCC32XX_module               
20010d59  PowerCC32XX_parkPin              
20011c8d  PowerCC32XX_reset                
200118f5  PowerCC32XX_restoreParkState     
200119f5  PowerCC32XX_restoreParkedPin     
20010ad7  PowerCC32XX_resumeLPDS           
20010631  PowerCC32XX_setParkState         
2000d8f9  PowerCC32XX_sleepPolicy          
20012141  Power_disablePolicy              
2001228d  Power_enablePolicy               
20012349  Power_getConstraintMask          
20012155  Power_getDependencyCount         
20011f69  Power_getTransitionLatency       
20011f81  Power_idleFunc                   
2000fe61  Power_init                       
20011b81  Power_registerNotify             
20010ff1  Power_releaseConstraint          
20010981  Power_releaseDependency          
200115b1  Power_setConstraint              
2000ffe9  Power_setDependency              
2000dfb9  Power_sleep                      
20011d3d  Power_unregisterNotify           
200121b5  RingBuf_construct                
200113f5  RingBuf_get                      
20012321  RingBuf_isFull                   
20011d5d  RingBuf_peek                     
200110c9  RingBuf_put                      
2001229d  SemaphoreP_Params_init           
20010c6d  SemaphoreP_construct             
20011dbb  SemaphoreP_constructBinary       
2001209b  SemaphoreP_create                
20011ebb  SemaphoreP_createBinary          
20012a10  SemaphoreP_defaultParams         
200123ff  SemaphoreP_delete                
2000e5a7  SemaphoreP_destruct              
2000f829  SemaphoreP_pend                  
20011221  SemaphoreP_post                  
20011e4d  SwiP_disable                     
20011265  SwiP_restore                     
20012e6b  TP_STATE                         
20010cbd  TimerCC32XX_allocateTimerResource
20011929  TimerCC32XX_freeTimerResource    
200117b5  TimerControlStall                
20011dd9  TimerDisable                     
20011df7  TimerEnable                      
20012a2f  TimerFlag                        
200121c7  TimerIntClear                    
20011f99  TimerIntDisable                  
20011fb1  TimerIntEnable                   
20011adb  TimerLoadSet                     
20011b05  TimerPrescaleSet                 
20011cb1  TimerSupport_timerDisable        
20011435  TimerSupport_timerEnable         
200122ad  Timer_Params_init                
20011475  Timer_close                      
20013418  Timer_config                     
2001340c  Timer_count                      
2000ebd3  Timer_init                       
2000e0f1  Timer_open                       
200112a9  Timer_start                      
200117eb  Timer_stop                       
20011fc9  UARTBusy                         
2000e5a9  UARTCC32XX_close                 
2000eae1  UARTCC32XX_control               
20013238  UARTCC32XX_fxnTable              
2000ef3f  UARTCC32XX_init                  
2000cebd  UARTCC32XX_open                  
200114b5  UARTCC32XX_read                  
20011821  UARTCC32XX_readCancel            
2000f001  UARTCC32XX_readPolling           
2000ee75  UARTCC32XX_write                 
20010565  UARTCC32XX_writeCancel           
20010695  UARTCC32XX_writePolling          
20011fe1  UARTIntEnable                    
20011ff9  UART_Params_init                 
200133e0  UART_config                      
2001340e  UART_count                       
20013288  UART_defaultParams               
200112ed  UART_init                        
200114f5  UART_open                        
200123af  UART_write                       
200123ed  UtilsDelay                       
20004000  __STACK_END                      
00001000  __STACK_SIZE                     
00008000  __SYSMEM_SIZE                    
20013510  __TI_CINIT_Base                  
20013520  __TI_CINIT_Limit                 
200134f8  __TI_Handler_Table_Base          
20013504  __TI_Handler_Table_Limit         
20011331  __TI_auto_init_nobinit_nopinit   
200104fd  __TI_decompress_lzss             
2001232f  __TI_decompress_none             
20010a2f  __TI_ltoa                        
ffffffff  __TI_pprof_out_hndl              
2000c041  __TI_printfi                     
ffffffff  __TI_prof_data_size              
ffffffff  __TI_prof_data_start             
20013428  __TI_static_base__               
20012361  __TI_zero_init                   
2000fd55  __aeabi_cdcmpeq                  
2000fd55  __aeabi_cdcmple                  
2000fddb  __aeabi_cdrcmple                 
20011081  __aeabi_d2iz                     
2000d74b  __aeabi_dadd                     
2000e229  __aeabi_ddiv                     
2000e9e5  __aeabi_dmul                     
2000d741  __aeabi_dsub                     
200123c1  __aeabi_errno_addr               
20011745  __aeabi_f2iz                     
2001015f  __aeabi_fmul                     
20011a55  __aeabi_i2d                      
2001177d  __aeabi_i2f                      
20011663  __aeabi_idiv0                    
20011663  __aeabi_ldiv0                    
20012041  __aeabi_lmul                     
200101d9  __aeabi_memclr                   
200101d9  __aeabi_memclr4                  
200101d9  __aeabi_memclr8                  
2000f965  __aeabi_memcpy                   
2000f965  __aeabi_memcpy4                  
2000f965  __aeabi_memcpy8                  
200101db  __aeabi_memset                   
200101db  __aeabi_memset4                  
200101db  __aeabi_memset8                  
2000fa01  __aeabi_uldivmod                 
ffffffff  __binit__                        
ffffffff  __c_args__                       
UNDEFED   __mpu_init                       
20003000  __stack                          
20004000  __start___llvm_prf_cnts          
20004000  __stop___llvm_prf_cnts           
20011cd5  _c_int00_noargs                  
20012f48  _ctypes_                         
20012a00  _lock                            
2000f0bb  _nop                             
20004040  _sys_memory                      
UNDEFED   _system_post_cinit               
20012403  _system_pre_init                 
20012a04  _unlock                          
20012407  abort                            
2000e7e9  aligned_alloc                    
20010da5  atoi                             
ffffffff  binit                            
2001033f  clkFxn                           
20012355  copysign                         
20012355  copysignl                        
20012a28  errno                            
2000ecc1  free                             
20010819  frexp                            
20010819  frexpl                           
20012029  gpioButtonFxn0                   
20012c58  gpioCallbackFunctions            
2001297c  gpioPinConfigs                   
20012cdc  gpioUserArgs                     
20012e84  heat                             
20012e74  i2c                              
2001335c  i2cCC32XXHWAttrs                 
20012b5c  i2cCC32XXObjects                 
20012e88  i2cTransaction                   
2000d579  initI2C                          
20011039  initTimer                        
200115ed  initUART                         
200116d5  initVectors                      
2000eda5  ldexp                            
2000eda5  ldexpl                           
200121d9  main                             
2000e361  mainThread                       
200123c9  malloc                           
2000e7e9  memalign                         
20011e85  memccpy                          
2000f965  memcpy                           
200101e1  memset                           
20012ea8  output                           
20012884  parkInfo                         
2000ebd5  readTemp                         
20011ed5  resetISR                         
20011ee8  resetVectorAddr                  
20004000  resetVectors                     
20012e6d  rxBuffer                         
2000eda5  scalbn                           
2000eda5  scalbnl                          
20012e7c  setpoint                         
20010e3d  snprintf                         
200120b1  strchr                           
2001217d  strlen                           
20012e80  temperature                      
20012e78  timer0                           
200133c4  timerCC32XXHWAttrs               
20012d60  timerCC32XXObjects               
20012385  timerCallback                    
20012e68  txBuffer                         
20012e70  uart                             
20012de4  uartCC32XXObjects0               
200121eb  wcslen                           


GLOBAL SYMBOLS: SORTED BY Symbol Address 

address   name                             
-------   ----                             
00001000  __STACK_SIZE                     
00008000  __SYSMEM_SIZE                    
20003000  __stack                          
20004000  __STACK_END                      
20004000  __start___llvm_prf_cnts          
20004000  __stop___llvm_prf_cnts           
20004000  resetVectors                     
20004040  _sys_memory                      
2000c041  __TI_printfi                     
2000ca8f  Board_initHook                   
2000ca91  PRCMCC3200MCUInit                
2000cebd  UARTCC32XX_open                  
2000d579  initI2C                          
2000d741  __aeabi_dsub                     
2000d74b  __aeabi_dadd                     
2000d8f7  I2C_init                         
2000d8f9  PowerCC32XX_sleepPolicy          
2000da99  GPIO_setConfig                   
2000dfb9  Power_sleep                      
2000e0f1  Timer_open                       
2000e229  __aeabi_ddiv                     
2000e35f  PowerCC32XX_initPolicy           
2000e361  mainThread                       
2000e485  I2C_transferTimeout              
2000e5a7  SemaphoreP_destruct              
2000e5a9  UARTCC32XX_close                 
2000e7e9  aligned_alloc                    
2000e7e9  memalign                         
2000e8e9  I2C_open                         
2000e9e5  __aeabi_dmul                     
2000eae1  UARTCC32XX_control               
2000ebd3  Timer_init                       
2000ebd5  readTemp                         
2000ecc1  free                             
2000eda5  ldexp                            
2000eda5  ldexpl                           
2000eda5  scalbn                           
2000eda5  scalbnl                          
2000ee75  UARTCC32XX_write                 
2000ef3f  UARTCC32XX_init                  
2000f001  UARTCC32XX_readPolling           
2000f0bb  _nop                             
2000f595  IntEnable                        
2000f63d  PowerCC32XX_configureWakeup      
2000f829  SemaphoreP_pend                  
2000f965  __aeabi_memcpy                   
2000f965  __aeabi_memcpy4                  
2000f965  __aeabi_memcpy8                  
2000f965  memcpy                           
2000fa01  __aeabi_uldivmod                 
2000fa99  GPIO_init                        
2000fbb9  HwiP_construct                   
2000fc45  IntPendSet                       
2000fccd  PinConfigSet                     
2000fd55  __aeabi_cdcmpeq                  
2000fd55  __aeabi_cdcmple                  
2000fddb  __aeabi_cdrcmple                 
2000fe61  Power_init                       
2000ff69  GPIO_write                       
2000ffe9  Power_setDependency              
2001015f  __aeabi_fmul                     
200101d9  __aeabi_memclr                   
200101d9  __aeabi_memclr4                  
200101d9  __aeabi_memclr8                  
200101db  __aeabi_memset                   
200101db  __aeabi_memset4                  
200101db  __aeabi_memset8                  
200101e1  memset                           
2001033f  clkFxn                           
20010493  I2CSupport_primeTransfer         
200104fd  __TI_decompress_lzss             
20010565  UARTCC32XX_writeCancel           
200105cd  GPIO_setInterruptConfig          
20010631  PowerCC32XX_setParkState         
20010695  UARTCC32XX_writePolling          
200106f9  GPIO_hwiIntFxn                   
20010759  GPIO_toggle                      
200107b9  PRCMSysResetCauseGet             
20010819  frexp                            
20010819  frexpl                           
200108d1  Button_Click                     
20010929  PRCMPeripheralReset              
20010981  Power_releaseDependency          
20010a2f  __TI_ltoa                        
20010ad7  PowerCC32XX_resumeLPDS           
20010bcd  ClockP_sysTickHandler            
20010c1d  LED_tempChange                   
20010c6d  SemaphoreP_construct             
20010cbd  TimerCC32XX_allocateTimerResource
20010d59  PowerCC32XX_parkPin              
20010da5  atoi                             
20010e3d  snprintf                         
20010e89  FlashDisable                     
20010ed1  GPIO_disableInt                  
20010f19  GPIO_enableInt                   
20010f61  PRCMLPDSEnter                    
20010fa9  PRCMPeripheralClkEnable          
20010ff1  Power_releaseConstraint          
20011039  initTimer                        
20011081  __aeabi_d2iz                     
200110c9  RingBuf_put                      
20011155  ClockP_stop                      
20011199  PRCMLPDSRestoreInfoSet           
200111dd  PowerCC32XX_enterLPDS            
20011221  SemaphoreP_post                  
20011265  SwiP_restore                     
200112a9  Timer_start                      
200112ed  UART_init                        
20011331  __TI_auto_init_nobinit_nopinit   
20011375  ClockP_construct                 
200113b5  PinModeSet                       
200113f5  RingBuf_get                      
20011435  TimerSupport_timerEnable         
20011475  Timer_close                      
200114b5  UARTCC32XX_read                  
200114f5  UART_open                        
20011575  ClockP_destruct                  
200115b1  Power_setConstraint              
200115ed  initUART                         
20011663  __aeabi_idiv0                    
20011663  __aeabi_ldiv0                    
20011665  PRCMLPDSEnterKeepDebugIf         
200116d5  initVectors                      
20011745  __aeabi_f2iz                     
2001177d  __aeabi_i2f                      
200117b5  TimerControlStall                
200117eb  Timer_stop                       
20011821  UARTCC32XX_readCancel            
20011859  ClockP_getTicksUntilInterrupt    
2001188d  ClockP_startup                   
200118c1  PinModeGet                       
200118f5  PowerCC32XX_restoreParkState     
20011929  TimerCC32XX_freeTimerResource    
200119c5  ClockP_start                     
200119f5  PowerCC32XX_restoreParkedPin     
20011a55  __aeabi_i2d                      
20011a85  PowerCC32XX_getParkState         
20011ab1  HwiP_create                      
20011adb  TimerLoadSet                     
20011b05  TimerPrescaleSet                 
20011b2f  I2CFIFODataPutNonBlocking        
20011b59  PRCMPeripheralClkDisable         
20011b81  Power_registerNotify             
20011bd1  I2CFIFODataGetNonBlocking        
20011bf7  I2C_cancel                       
20011c1d  List_put                         
20011c43  List_remove                      
20011c69  HwiP_dispatch                    
20011c8d  PowerCC32XX_reset                
20011cb1  TimerSupport_timerDisable        
20011cd5  _c_int00_noargs                  
20011cf9  I2CMasterSlaveAddrSet            
20011d1b  HwiP_destruct                    
20011d3d  Power_unregisterNotify           
20011d5d  RingBuf_peek                     
20011d9d  I2CMasterIntStatusEx             
20011dbb  SemaphoreP_constructBinary       
20011dd9  TimerDisable                     
20011df7  TimerEnable                      
20011e15  GPIO_setCallback                 
20011e31  PinToPadGet                      
20011e4d  SwiP_disable                     
20011e85  memccpy                          
20011ea1  ClockP_create                    
20011ebb  SemaphoreP_createBinary          
20011ed5  resetISR                         
20011ee8  resetVectorAddr                  
20011eef  I2CMasterBusBusy                 
20011f07  I2CMasterIntDisableEx            
20011f1f  I2CMasterIntEnableEx             
20011f37  I2CRxFIFOFlush                   
20011f4f  I2CTxFIFOFlush                   
20011f69  Power_getTransitionLatency       
20011f81  Power_idleFunc                   
20011f99  TimerIntDisable                  
20011fb1  TimerIntEnable                   
20011fc9  UARTBusy                         
20011fe1  UARTIntEnable                    
20011ff9  UART_Params_init                 
20012029  gpioButtonFxn0                   
20012041  __aeabi_lmul                     
20012059  I2CMasterBurstLengthSet          
2001206f  PRCMHIBRegRead                   
20012085  PRCMHIBRegWrite                  
2001209b  SemaphoreP_create                
200120b1  strchr                           
200120c7  Board_init                       
200120db  CPUcpsid                         
200120f1  HwiP_inISR                       
20012105  I2CSupport_masterFinish          
20012119  I2C_transfer                     
2001212d  IntVTableBaseSet                 
20012141  Power_disablePolicy              
20012155  Power_getDependencyCount         
2001217d  strlen                           
20012191  HwiP_Params_init                 
200121a3  I2CMasterIntClearEx              
200121b5  RingBuf_construct                
200121c7  TimerIntClear                    
200121d9  main                             
200121eb  wcslen                           
200121fd  ClockP_add                       
2001220d  ClockP_delete                    
2001221d  ClockP_getCpuFreq                
2001222d  ClockP_getSystemTicks            
2001223d  ClockP_setTicks                  
2001224d  HwiP_delete                      
2001225d  HwiP_restore                     
2001226d  I2CFIFOStatus                    
2001227d  I2C_Params_init                  
2001228d  Power_enablePolicy               
2001229d  SemaphoreP_Params_init           
200122ad  Timer_Params_init                
200122cd  HwiP_clearInterrupt              
200122db  HwiP_disable                     
200122e9  HwiP_disableInterrupt            
200122f7  HwiP_enable                      
200122f7  NoRTOS_start                     
20012305  HwiP_enableInterrupt             
20012321  RingBuf_isFull                   
2001232f  __TI_decompress_none             
20012349  Power_getConstraintMask          
20012355  copysign                         
20012355  copysignl                        
20012361  __TI_zero_init                   
20012385  timerCallback                    
20012391  ClockP_Params_init               
2001239b  ClockP_isActive                  
200123a5  IntMasterDisable                 
200123af  UART_write                       
200123c1  __aeabi_errno_addr               
200123c9  malloc                           
200123e1  I2CSupport_powerRelConstraint    
200123e7  I2CSupport_powerSetConstraint    
200123ed  UtilsDelay                       
200123f3  ClockP_doTick                    
200123f7  ClockP_setTimeout                
200123fb  HwiP_post                        
200123ff  SemaphoreP_delete                
20012403  _system_pre_init                 
20012407  C$$EXIT                          
20012407  abort                            
20012718  PowerCC32XX_module               
20012884  parkInfo                         
2001297c  gpioPinConfigs                   
20012a00  _lock                            
20012a04  _unlock                          
20012a10  SemaphoreP_defaultParams         
20012a18  HwiP_key                         
20012a1c  HwiP_swiPIntNum                  
20012a20  ClockP_tickPeriod                
20012a28  errno                            
20012a2f  TimerFlag                        
20012a30  PowerCC32XX_contextSave          
20012b5c  i2cCC32XXObjects                 
20012c58  gpioCallbackFunctions            
20012cdc  gpioUserArgs                     
20012d60  timerCC32XXObjects               
20012de4  uartCC32XXObjects0               
20012e68  txBuffer                         
20012e69  Button0_Click                    
20012e6a  Button1_Click                    
20012e6b  TP_STATE                         
20012e6c  LE_STATE                         
20012e6d  rxBuffer                         
20012e70  uart                             
20012e74  i2c                              
20012e78  timer0                           
20012e7c  setpoint                         
20012e80  temperature                      
20012e84  heat                             
20012e88  i2cTransaction                   
20012ea8  output                           
20012f20  ClockP_ctrl                      
20012f48  _ctypes_                         
200131f4  PowerCC32XX_config               
20013238  UARTCC32XX_fxnTable              
20013288  UART_defaultParams               
2001335c  i2cCC32XXHWAttrs                 
20013384  GPIO_config                      
20013394  I2C_defaultParams                
200133c4  timerCC32XXHWAttrs               
200133e0  UART_config                      
20013404  GPIO_pinLowerBound               
20013405  GPIO_pinUpperBound               
20013406  CONFIG_GPIO_BUTTON_0_CONST       
20013407  CONFIG_GPIO_BUTTON_1_CONST       
20013408  CONFIG_GPIO_LED_0_CONST          
20013409  CONFIG_I2C_0_CONST               
2001340a  I2C_count                        
2001340b  CONFIG_TIMER_0_CONST             
2001340c  Timer_count                      
2001340d  CONFIG_UART_0_CONST              
2001340e  UART_count                       
20013410  I2C_config                       
20013418  Timer_config                     
20013428  __TI_static_base__               
200134f8  __TI_Handler_Table_Base          
20013504  __TI_Handler_Table_Limit         
20013510  __TI_CINIT_Base                  
20013520  __TI_CINIT_Limit                 
ffffffff  __TI_pprof_out_hndl              
ffffffff  __TI_prof_data_size              
ffffffff  __TI_prof_data_start             
ffffffff  __binit__                        
ffffffff  __c_args__                       
ffffffff  binit                            
UNDEFED   ITM_flush                        
UNDEFED   ITM_restore                      
UNDEFED   __mpu_init                       
UNDEFED   _system_post_cinit               

[311 symbols]
